// Jest Snapshot v1, https://goo.gl/fbAQLP

exports[`parseNamedArgs re-throws error with name-specific context if parse does 1`] = `"--foo123 : thrown intentionally"`;
