// Jest Snapshot v1, https://goo.gl/fbAQLP

exports[`Cli throws USAGE error "bad command" if last command is a branch and additional args is present 1`] = `"Bad command \\"oops\\""`;

exports[`Cli throws USAGE error "positional arguments" if last command is a command without positionalValuedParser property and additional args is present 1`] = `"Unexpected argument \\"oops\\" : Command \\"command-with-named-args\\" does not accept positional arguments"`;
