// Jest Snapshot v1, https://goo.gl/fbAQLP

exports[`parseArgs if throws "argument is not optional" with context, expect message to match snapshot 1`] = `"context <foo> : argument is not optional"`;

exports[`parseArgs if throws "argument is not optional", expect message to match snapshot 1`] = `"<foo> : argument is not optional"`;

exports[`parseArgs throws if parse does with a context/placeholder enhanced message 1`] = `"<val> : thrown intentionally"`;
