// Jest Snapshot v1, https://goo.gl/fbAQLP

exports[`TextList Creates a usage string for a branch 1`] = `
"foo    : hi
            bye
barrio : bye"
`;
